HI-TECH Software C Compiler 

Linker command line:

--edf=C:\Program Files (x86)\HI-TECH Software\PICC\9.82\dat\en_msgs.txt -cs \
  -h+dist/default/production\FM_RADIO_ver0.2.X.production.sym -z -Q16F887 \
  -ol.obj -Mdist/default/production/FM_RADIO_ver0.2.X.production.map -E1 \
  -ACONST=00h-0FFhx32 -ACODE=00h-07FFhx4 -ASTRCODE=00h-01FFFh \
  -AENTRY=00h-0FFhx32 -ASTRING=00h-0FFhx32 -ABANK0=020h-06Fh \
  -ABANK1=0A0h-0EFh -ABANK2=0110h-016Fh -ABANK3=0190h-01EFh \
  -ARAM=020h-06Fh,0A0h-0EFh,0110h-016Fh,0190h-01EFh \
  -AABS1=020h-07Fh,0A0h-0EFh,0110h-016Fh,0190h-01EFh -ACOMMON=070h-07Fh \
  -ASFR0=00h-01Fh -ASFR1=080h-09Fh -ASFR2=0100h-010Fh -ASFR3=0180h-018Fh \
  -preset_vec=00h,intentry=04h,init,end_init -ppowerup=CODE -pfunctab=CODE \
  -ACONFIG=02007h-02008h -pconfig=CONFIG -DCONFIG=2 -AIDLOC=02000h-02003h \
  -pidloc=IDLOC -DIDLOC=2 -AEEDATA=00h-0FFh/02100h -peeprom_data=EEDATA \
  -DEEDATA=2 -DCODE=2 -DSTRCODE=2 -DSTRING=2 -DCONST=2 -DENTRY=2 -k \
  C:\Users\USER\AppData\Local\Temp\s4nc.obj \
  dist/default/production\FM_RADIO_ver0.2.X.production.obj 

Object code version is 3.10

Machine type is 16F887



                Name                               Link     Load   Length Selector   Space Scale
C:\Users\USER\AppData\Local\Temp\s4nc.obj
                end_init                             12       12        3        8       0
                reset_vec                             0        0        3        0       0
dist/default/production\FM_RADIO_ver0.2.X.production.obj
                intentry                              4        4        E        8       0
                eeprom_data                           0     2100       58     4200       2
                config                             2007     2007        1     400E       0
                maintext_split_2                     15       15      753        8       0
                maintext_split_1                   1EBE     1EBE      142     3D7C       0
                text922                            181A     181A       13     3034       0
                text921                            1867     1867       29     30CE       0
                text920                            1848     1848       1F     3090       0
                text919                            1890     1890       37     3120       0
                text918                             800      800       17     1000       0
                text917                            1000     1000       2C     11D6       0
                text916                            1952     1952       50     32A4       0
                text915                            190C     190C       46     3218       0
                text914                            1ADC     1ADC       76     35B8       0
                text913                            1A01     1A01       68     3402       0
                text912                            1B52     1B52       86     36A4       0
                text911                            18C7     18C7       45     318E       0
                text910                            1A69     1A69       73     34D2       0
                text909                            1BD8     1BD8       EF     37B0       0
                text908                             817      817       D4     102E       0
                text907                            182D     182D       1B     305A       0
                text906                             768      768       95        8       0
                text905                            1CC7     1CC7       FA     398E       0
                text904                            1DC1     1DC1       FD     3B82       0
                text903                            19A2     19A2       5F     3344       0
                text902                            14B9     14B9      1A2     2972       0
                text901                            1318     1318      1A1     2630       0
                text900                            165B     165B      1A5     2CB6       0
                text899                            1185     1185      193     230A       0
                text898                             8EB      8EB      715     11D6       0
                maintext                           102C     102C      159     2058       0
                cstackBANK0                          20       20       3E       20       1
                cstackCOMMON                         70       70        6       70       1
                cstackBANK1                          A0       A0       16       A0       1
                dataCOMMON                           78       78        2       70       1
                bssCOMMON                            76       76        2       70       1
                cinit                              1808     1808       12     3010       0
                idataCOMMON                         7FD      7FD        2        8       0

TOTAL           Name                               Link     Load   Length     Space
        CLASS   CONST          

        CLASS   CODE           
                end_init                             12       12        3         0
                intentry                              4        4        E         0
                reset_vec                             0        0        3         0
                maintext_split_2                     15       15      753         0
                maintext_split_1                   1EBE     1EBE      142         0
                text922                            181A     181A       13         0
                text921                            1867     1867       29         0
                text920                            1848     1848       1F         0
                text919                            1890     1890       37         0
                text918                             800      800       17         0
                text917                            1000     1000       2C         0
                text916                            1952     1952       50         0
                text915                            190C     190C       46         0
                text914                            1ADC     1ADC       76         0
                text913                            1A01     1A01       68         0
                text912                            1B52     1B52       86         0
                text911                            18C7     18C7       45         0
                text910                            1A69     1A69       73         0
                text909                            1BD8     1BD8       EF         0
                text908                             817      817       D4         0
                text907                            182D     182D       1B         0
                text906                             768      768       95         0
                text905                            1CC7     1CC7       FA         0
                text904                            1DC1     1DC1       FD         0
                text903                            19A2     19A2       5F         0
                text902                            14B9     14B9      1A2         0
                text901                            1318     1318      1A1         0
                text900                            165B     165B      1A5         0
                text899                            1185     1185      193         0
                text898                             8EB      8EB      715         0
                maintext                           102C     102C      159         0
                cinit                              1808     1808       12         0
                idataCOMMON                         7FD      7FD        2         0

        CLASS   STRCODE        

        CLASS   ENTRY          

        CLASS   STRING         

        CLASS   BANK0          
                cstackBANK0                          20       20       3E         1

        CLASS   BANK1          
                cstackBANK1                          A0       A0       16         1

        CLASS   BANK2          

        CLASS   BANK3          

        CLASS   RAM            

        CLASS   ABS1           
                abs_s1                               7E       7E        2         1

        CLASS   COMMON         
                cstackCOMMON                         70       70        6         1
                dataCOMMON                           78       78        2         1
                bssCOMMON                            76       76        2         1

        CLASS   SFR0           

        CLASS   SFR1           

        CLASS   SFR2           

        CLASS   SFR3           

        CLASS   CONFIG         
                config                             2007     2007        1         0

        CLASS   IDLOC          

        CLASS   EEDATA         
                eeprom_data                           0     2100       58         2



SEGMENTS        Name                           Load    Length   Top    Selector   Space  Class     Delta

                reset_vec                      000000  000003  000003         0       0  CODE        2
                intentry                       000004  0007FB  0007FF         8       0  CODE        2
                cstackBANK0                    000020  00003E  00005E        20       1  BANK0       1
                cstackCOMMON                   000070  00000A  00007A        70       1  COMMON      1
                cstackBANK1                    0000A0  000016  0000B6        A0       1  BANK1       1
                text918                        000800  000017  000817      1000       0  CODE        2
                text908                        000817  0000D4  0008EB      102E       0  CODE        2
                text898                        0008EB  000741  00102C      11D6       0  CODE        2
                maintext                       00102C  000159  001185      2058       0  CODE        2
                text899                        001185  000193  001318      230A       0  CODE        2
                text901                        001318  0001A1  0014B9      2630       0  CODE        2
                text902                        0014B9  0001A2  00165B      2972       0  CODE        2
                text900                        00165B  0001A5  001800      2CB6       0  CODE        2
                cinit                          001808  000012  00181A      3010       0  CODE        2
                text922                        00181A  000013  00182D      3034       0  CODE        2
                text907                        00182D  00001B  001848      305A       0  CODE        2
                text920                        001848  00001F  001867      3090       0  CODE        2
                text921                        001867  000029  001890      30CE       0  CODE        2
                text919                        001890  000037  0018C7      3120       0  CODE        2
                text911                        0018C7  000045  00190C      318E       0  CODE        2
                text915                        00190C  000046  001952      3218       0  CODE        2
                text916                        001952  000050  0019A2      32A4       0  CODE        2
                text903                        0019A2  00005F  001A01      3344       0  CODE        2
                text913                        001A01  000068  001A69      3402       0  CODE        2
                text910                        001A69  000073  001ADC      34D2       0  CODE        2
                text914                        001ADC  000076  001B52      35B8       0  CODE        2
                text912                        001B52  000086  001BD8      36A4       0  CODE        2
                text909                        001BD8  0000EF  001CC7      37B0       0  CODE        2
                text905                        001CC7  0000FA  001DC1      398E       0  CODE        2
                text904                        001DC1  0000FD  001EBE      3B82       0  CODE        2
                maintext_split_1               001EBE  000142  002000      3D7C       0  CODE        2
                config                         002007  000001  002008      400E       0  CONFIG      2
                eeprom_data                    002100  000058  002158      4200       2  EEDATA      2


UNUSED ADDRESS RANGES

        Name                Unused          Largest block    Delta
        BANK0            005E-006F             12           1
        BANK1            00B6-00EF             3A           1
        BANK2            0110-016F             60           1
        BANK3            0190-01EF             60           1
        CODE             0003-0003              1           2
                         07FF-07FF              1
                         1800-1807              8
        COMMON           007A-007D              4           1
        CONFIG           2008-2008              1           2
        CONST            0003-0003              1           2
                         07FF-07FF              1
                         1800-1807              8
        EEDATA           2158-21FF             A8           2
        ENTRY            0003-0003              1           2
                         07FF-07FF              1
                         1800-1807              8
        IDLOC            2000-2003              4           2
        RAM              005E-006F             12           1
                         00B6-00EF             3A
                         0110-016F             60
                         0190-01EF             60
        SFR0             0000-001F             20           1
        SFR1             0080-009F             20           1
        SFR2             0100-010F             10           1
        SFR3             0180-018F             10           1
        STRCODE          0003-0003              1           2
                         07FF-07FF              1
                         1800-1807              8
        STRING           0003-0003              1           2
                         07FF-07FF              1
                         1800-1807              8

                                  Symbol Table

??_InterTimer             cstackCOMMON     0070
??___awdiv                cstackCOMMON     0074
??___awmod                cstackCOMMON     0074
??___lwdiv                cstackBANK0      002A
??___lwmod                cstackCOMMON     0074
??___wmul                 cstackCOMMON     0076
??_buss_boost             cstackBANK0      0042
??_eeprom_read            cstackCOMMON     0074
??_eeprom_write           cstackBANK0      0028
??_fmIC_RS                cstackBANK0      0027
??_fmIC_VOL               cstackBANK0      0027
??_fmNo_in                cstackBANK0      004D
??_fm_fcon_write          cstackBANK0      0037
??_fm_serch               cstackBANK0      0046
??_i2c_Tx                 cstackCOMMON     0074
??_i2c_byte_read          cstackBANK0      002A
??_i2c_byte_write         cstackBANK0      0026
??_lcd_RS                 cstackBANK0      0027
??_lcd_float              cstackBANK0      0039
??_lcd_int                cstackBANK0      0034
??_main                   cstackBANK0      005A
??_memory_fcont           cstackBANK0      0030
??_oscsel                 cstackCOMMON     0076
??_seek_RSSI              cstackBANK0      003B
??_seek_SNR               cstackBANK0      003B
??_start_LCD_POINT        cstackBANK0      0027
?_InterTimer              cstackCOMMON     0070
?___awdiv                 cstackBANK0      0020
?___awmod                 cstackBANK0      0020
?___lwdiv                 cstackBANK0      0026
?___lwmod                 cstackBANK0      0020
?___wmul                  cstackBANK0      0020
?_buss_boost              cstackCOMMON     0070
?_eeprom_read             cstackCOMMON     0070
?_eeprom_write            cstackCOMMON     0075
?_fmIC_RS                 cstackCOMMON     0070
?_fmIC_VOL                cstackCOMMON     0070
?_fmNo_in                 cstackBANK0      0049
?_fm_fcon_write           cstackBANK0      0035
?_fm_serch                cstackBANK0      0042
?_i2c_Tx                  cstackCOMMON     0070
?_i2c_byte_read           cstackBANK0      0026
?_i2c_byte_write          cstackBANK0      0020
?_lcd_RS                  cstackCOMMON     0070
?_lcd_float               cstackBANK0      0035
?_lcd_int                 cstackBANK0      002E
?_main                    cstackCOMMON     0070
?_memory_fcont            cstackBANK0      002A
?_oscsel                  cstackCOMMON     0074
?_seek_RSSI               cstackCOMMON     0070
?_seek_SNR                cstackCOMMON     0070
?_start_LCD_POINT         cstackCOMMON     0070
_ACKDT                    (abs)            048D
_ACKEN                    (abs)            048C
_ANSEL                    (abs)            0188
_ANSELH                   (abs)            0189
_BF                       (abs)            04A0
_CARRY                    (abs)            0018
_EEADR                    (abs)            010D
_EECON1                   (abs)            018C
_EECON2                   (abs)            018D
_EEDATA                   (abs)            010C
_GIE                      (abs)            005F
_InterTimer               text922          181A
_OSCCON                   (abs)            008F
_PEIE                     (abs)            005E
_PEN                      (abs)            048A
_RA1                      (abs)            0029
_RA2                      (abs)            002A
_RA3                      (abs)            002B
_RA6                      (abs)            002E
_RB3                      (abs)            0033
_RC1                      (abs)            0039
_RC5                      (abs)            003D
_RC6                      (abs)            003E
_RCEN                     (abs)            048B
_RD                       (abs)            0C60
_RD0                      (abs)            0040
_RD4                      (abs)            0044
_RSEN                     (abs)            0489
_SEN                      (abs)            0488
_SSPADD                   (abs)            0093
_SSPBUF                   (abs)            0013
_SSPCON                   (abs)            0014
_SSPIF                    (abs)            0063
_SSPSTAT                  (abs)            0094
_T1CON                    (abs)            0010
_TMR1H                    (abs)            000F
_TMR1IE                   (abs)            0460
_TMR1IF                   (abs)            0060
_TMR1L                    (abs)            000E
_TMR1ON                   (abs)            0080
_TMR1ON_Flag              bssCOMMON        0076
_TRISA                    (abs)            0085
_TRISB                    (abs)            0086
_TRISC                    (abs)            0087
_TRISD                    (abs)            0088
_WR                       (abs)            0C61
_WREN                     (abs)            0C62
__Babs1                   abs1             42B0
__Bbank0                  bank0            42B0
__Bbank1                  bank1            42B0
__Bbank2                  bank2            42B0
__Bbank3                  bank3            42B0
__BbssCOMMON              bssCOMMON        42B0
__Bcinit                  cinit            42B0
__Bclrtext                clrtext          42B0
__Bcode                   code             42B0
__Bcommon                 common           42B0
__BcstackBANK0            cstackBANK0      42B0
__BcstackBANK1            cstackBANK1      42B0
__BcstackCOMMON           cstackCOMMON     42B0
__BdataCOMMON             dataCOMMON       42B0
__Beeprom_data            eeprom_data      2100
__BidataCOMMON            idataCOMMON      42B0
__Bmaintext               maintext         42B0
__Bmaintext_split_1       maintext_split_1 42B0
__Bmaintext_split_2       maintext_split_2 42B0
__Bram                    ram              42B0
__Bsfr0                   sfr0             42B0
__Bsfr1                   sfr1             42B0
__Bsfr2                   sfr2             42B0
__Bsfr3                   sfr3             42B0
__Bstrings                strings          42B0
__Btext                   text             42B0
__Habs1                   abs1             00B0
__Hbank0                  bank0            00B0
__Hbank1                  bank1            00B0
__Hbank2                  bank2            00B0
__Hbank3                  bank3            00B0
__HbssCOMMON              bssCOMMON        00B0
__Hcinit                  cinit            00B0
__Hclrtext                clrtext          00B0
__Hcode                   code             00B0
__Hcommon                 common           00B0
__Hconfig                 config           2008
__HcstackBANK0            cstackBANK0      00B0
__HcstackBANK1            cstackBANK1      00B0
__HcstackCOMMON           cstackCOMMON     00B0
__HdataCOMMON             dataCOMMON       00B0
__Heeprom_data            eeprom_data      0058
__Hend_init               end_init         0015
__Hfunctab                functab          0000
__HidataCOMMON            idataCOMMON      00B0
__Hidloc                  idloc            0000
__Hinit                   init             0012
__Hintentry               intentry         0012
__Hmaintext               maintext         00B0
__Hmaintext_split_1       maintext_split_1 00B0
__Hmaintext_split_2       maintext_split_2 00B0
__Hpowerup                powerup          0000
__Hram                    ram              00B0
__Hreset_vec              reset_vec        0003
__Hsfr0                   sfr0             00B0
__Hsfr1                   sfr1             00B0
__Hsfr2                   sfr2             00B0
__Hsfr3                   sfr3             00B0
__Hstrings                strings          00B0
__Htext                   text             00B0
__Labs1                   abs1             00B0
__Lbank0                  bank0            00B0
__Lbank1                  bank1            00B0
__Lbank2                  bank2            00B0
__Lbank3                  bank3            00B0
__LbssCOMMON              bssCOMMON        00B0
__Lcinit                  cinit            00B0
__Lclrtext                clrtext          00B0
__Lcode                   code             00B0
__Lcommon                 common           00B0
__Lconfig                 config           2007
__LcstackBANK0            cstackBANK0      00B0
__LcstackBANK1            cstackBANK1      00B0
__LcstackCOMMON           cstackCOMMON     00B0
__LdataCOMMON             dataCOMMON       00B0
__Leeprom_data            eeprom_data      0000
__Lend_init               end_init         0012
__Lfunctab                functab          0000
__LidataCOMMON            idataCOMMON      00B0
__Lidloc                  idloc            0000
__Linit                   init             0012
__Lintentry               intentry         0004
__Lmaintext               maintext         00B0
__Lmaintext_split_1       maintext_split_1 00B0
__Lmaintext_split_2       maintext_split_2 00B0
__Lpowerup                powerup          0000
__Lram                    ram              00B0
__Lreset_vec              reset_vec        0000
__Lsfr0                   sfr0             00B0
__Lsfr1                   sfr1             00B0
__Lsfr2                   sfr2             00B0
__Lsfr3                   sfr3             00B0
__Lstrings                strings          00B0
__Ltext                   text             00B0
__S0                      (abs)            2008
__S1                      (abs)            00B6
__S2                      (abs)            2158
___awdiv                  text914          1ADC
___awdiv@counter          cstackBANK0      0024
___awdiv@dividend         cstackBANK0      0022
___awdiv@divisor          cstackBANK0      0020
___awdiv@quotient         cstackBANK0      0026
___awdiv@sign             cstackBANK0      0025
___awmod                  text913          1A01
___awmod@counter          cstackBANK0      0024
___awmod@dividend         cstackBANK0      0022
___awmod@divisor          cstackBANK0      0020
___awmod@sign             cstackBANK0      0025
___lwdiv                  text916          1952
___lwdiv@counter          cstackBANK0      002B
___lwdiv@dividend         cstackBANK0      0028
___lwdiv@divisor          cstackBANK0      0026
___lwdiv@quotient         cstackBANK0      002C
___lwmod                  text915          190C
___lwmod@counter          cstackCOMMON     0075
___lwmod@dividend         cstackBANK0      0022
___lwmod@divisor          cstackBANK0      0020
___wmul                   text917          1000
___wmul@multiplicand      cstackBANK0      0022
___wmul@multiplier        cstackBANK0      0020
___wmul@product           cstackBANK0      0024
__end_of_InterTimer       text922          182D
__end_of___awdiv          text914          1B52
__end_of___awmod          text913          1A69
__end_of___lwdiv          text916          19A2
__end_of___lwmod          text915          1952
__end_of___wmul           text917          102C
__end_of_buss_boost       text900          1800
__end_of_eeprom_read      text920          1867
__end_of_eeprom_write     text919          18C7
__end_of_fmIC_RS          text908          08EB
__end_of_fmIC_VOL         text907          1848
__end_of_fmNo_in          text898          1000
__end_of_fm_fcon_write    text903          1A01
__end_of_fm_serch         text899          1318
__end_of_i2c_Tx           text918          0817
__end_of_i2c_byte_read    text910          1ADC
__end_of_i2c_byte_write   text911          190C
__end_of_lcd_RS           text909          1CC7
__end_of_lcd_float        text905          1DC1
__end_of_lcd_int          text906          07FD
__end_of_main             maintext_split_2 0768
__end_of_memory_fcont     text912          1BD8
__end_of_oscsel           text921          1890
__end_of_seek_RSSI        text902          165B
__end_of_seek_SNR         text901          14B9
__end_of_start_LCD_POINT  text904          1EBE
__pbssCOMMON              bssCOMMON        0076
__pcstackBANK0            cstackBANK0      0020
__pcstackBANK1            cstackBANK1      00A0
__pcstackCOMMON           cstackCOMMON     0070
__pdataCOMMON             dataCOMMON       0078
__pidataCOMMON            idataCOMMON      07FD
__pintentry               intentry         0004
__pmaintext               maintext         102C
__ptext898                text898          08EB
__ptext899                text899          1185
__ptext900                text900          165B
__ptext901                text901          1318
__ptext902                text902          14B9
__ptext903                text903          19A2
__ptext904                text904          1DC1
__ptext905                text905          1CC7
__ptext906                text906          0768
__ptext907                text907          182D
__ptext908                text908          0817
__ptext909                text909          1BD8
__ptext910                text910          1A69
__ptext911                text911          18C7
__ptext912                text912          1B52
__ptext913                text913          1A01
__ptext914                text914          1ADC
__ptext915                text915          190C
__ptext916                text916          1952
__ptext917                text917          1000
__ptext918                text918          0800
__ptext919                text919          1890
__ptext920                text920          1848
__ptext921                text921          1867
__ptext922                text922          181A
__ptext923                text923          0000
__size_of_InterTimer      (abs)            0000
__size_of___awdiv         (abs)            0000
__size_of___awmod         (abs)            0000
__size_of___lwdiv         (abs)            0000
__size_of___lwmod         (abs)            0000
__size_of___wmul          (abs)            0000
__size_of_buss_boost      (abs)            0000
__size_of_eeprom_read     (abs)            0000
__size_of_eeprom_write    (abs)            0000
__size_of_fmIC_RS         (abs)            0000
__size_of_fmIC_VOL        (abs)            0000
__size_of_fmNo_in         (abs)            0000
__size_of_fm_fcon_write   (abs)            0000
__size_of_fm_serch        (abs)            0000
__size_of_i2c_Tx          (abs)            0000
__size_of_i2c_byte_read   (abs)            0000
__size_of_i2c_byte_write  (abs)            0000
__size_of_lcd_RS          (abs)            0000
__size_of_lcd_float       (abs)            0000
__size_of_lcd_int         (abs)            0000
__size_of_main            (abs)            0000
__size_of_memory_fcont    (abs)            0000
__size_of_oscsel          (abs)            0000
__size_of_seek_RSSI       (abs)            0000
__size_of_seek_SNR        (abs)            0000
__size_of_start_LCD_POINT (abs)            0000
_buss_boost               text900          165B
_eeprom_read              text920          1848
_eeprom_write             text919          1890
_exit                     init             0012
_fcont_pp                 dataCOMMON       0078
_fmIC_RS                  text908          0817
_fmIC_VOL                 text907          182D
_fmNo_in                  text898          08EB
_fm_fcon_write            text903          19A2
_fm_serch                 text899          1185
_i2c_Tx                   text918          0800
_i2c_byte_read            text910          1A69
_i2c_byte_write           text911          18C7
_lcd_RS                   text909          1BD8
_lcd_float                text905          1CC7
_lcd_int                  text906          0768
_main                     maintext         102C
_memory_fcont             text912          1B52
_oscsel                   text921          1867
_seek_RSSI                text902          14B9
_seek_SNR                 text901          1318
_start_LCD_POINT          text904          1DC1
btemp                     (abs)            007E
buss_boost@boost          cstackBANK0      0046
eeprom_read@addr          cstackCOMMON     0075
eeprom_write@addr         cstackBANK0      0029
eeprom_write@value        cstackCOMMON     0075
end_of_initialization     cinit            1816
fmIC_VOL@vol              cstackBANK0      002A
fmNo_in@endf              cstackBANK0      0054
fmNo_in@fcon              cstackBANK0      0052
fmNo_in@fcont             cstackBANK0      004B
fmNo_in@fmNo              cstackBANK0      0049
fmNo_in@okf               cstackBANK0      0050
fm_fcon_write@fconv       cstackBANK0      0035
fm_serch@RSSI             cstackBANK0      0052
fm_serch@aSERC_1          cstackBANK0      0058
fm_serch@endf             cstackBANK0      0054
fm_serch@endrssi          cstackBANK0      0056
fm_serch@fcon             cstackBANK0      0044
fm_serch@memSNR           cstackBANK0      0050
fm_serch@sel              cstackBANK0      0042
i2c_Tx@date               cstackCOMMON     0074
i2c_byte_read@add         cstackBANK0      0028
i2c_byte_read@read_data   cstackBANK0      002C
i2c_byte_read@regadd      cstackBANK0      0029
i2c_byte_read@sel         cstackBANK0      0026
i2c_byte_write@add        cstackBANK0      0022
i2c_byte_write@cmd        cstackBANK0      0023
i2c_byte_write@date1      cstackBANK0      0024
i2c_byte_write@date2      cstackBANK0      0025
i2c_byte_write@sel        cstackBANK0      0020
interrupt_function        intentry         0004
intlevel0                 functab          0000
intlevel1                 functab          0000
intlevel2                 functab          0000
intlevel3                 functab          0000
intlevel4                 functab          0000
intlevel5                 functab          0000
lcd_float@LCD_1           cstackBANK0      003E
lcd_float@LCD_2           cstackBANK0      003C
lcd_float@LCD_3           cstackBANK0      0040
lcd_float@charadd         cstackBANK0      0035
lcd_float@cnt1            cstackBANK0      0037
lcd_int@LCD_1             cstackBANK0      0039
lcd_int@LCD_2             cstackBANK0      0037
lcd_int@charadd           cstackBANK0      0030
lcd_int@cnt1              cstackBANK0      0032
lcd_int@sel               cstackBANK0      002E
main@DWf                  cstackBANK1      00AC
main@FMVOL                cstackBANK1      00B2
main@LIP                  cstackBANK1      00A6
main@MAIN_CON             cstackBANK1      00A4
main@MAIN_STAT            cstackBANK1      00A2
main@PW_STAT              cstackBANK1      00A0
main@UPf                  cstackBANK1      00AA
main@VOL_STAT             cstackBANK1      00AE
main@c                    cstackBANK1      00A8
main@cnt1                 cstackBANK1      00B0
main@fmNo                 cstackBANK1      00B4
memory_fcont@add          cstackBANK0      002C
memory_fcont@fcon         cstackBANK0      0033
memory_fcont@fcont        cstackBANK0      002E
memory_fcont@sel          cstackBANK0      002A
oscsel@sel1               cstackCOMMON     0074
reset_vec                 reset_vec        0000
saved_w                   (abs)            007E
seek_RSSI@RSSI            cstackBANK0      0041
seek_RSSI@endf            cstackBANK0      003F
seek_SNR@SNR              cstackBANK0      0047
seek_SNR@endf             cstackBANK0      0045
start                     init             0012
start_initialization      cinit            1808
wtemp0                    (abs)            007E
